Archive member included to satisfy reference by file (symbol)

c:/ac6/systemworkbench/plugins/fr.ac6.mcu.externaltools.arm-none.win32_1.13.2.201705091103/tools/compiler/bin/../lib/gcc/arm-none-eabi/5.4.1/../../../../arm-none-eabi/lib/armv7-m\libc_nano.a(lib_a-exit.o)
                              c:/ac6/systemworkbench/plugins/fr.ac6.mcu.externaltools.arm-none.win32_1.13.2.201705091103/tools/compiler/bin/../lib/gcc/arm-none-eabi/5.4.1/../../../../arm-none-eabi/lib/armv7-m/crt0.o (exit)
c:/ac6/systemworkbench/plugins/fr.ac6.mcu.externaltools.arm-none.win32_1.13.2.201705091103/tools/compiler/bin/../lib/gcc/arm-none-eabi/5.4.1/../../../../arm-none-eabi/lib/armv7-m\libc_nano.a(lib_a-impure.o)
                              c:/ac6/systemworkbench/plugins/fr.ac6.mcu.externaltools.arm-none.win32_1.13.2.201705091103/tools/compiler/bin/../lib/gcc/arm-none-eabi/5.4.1/../../../../arm-none-eabi/lib/armv7-m\libc_nano.a(lib_a-exit.o) (_global_impure_ptr)
c:/ac6/systemworkbench/plugins/fr.ac6.mcu.externaltools.arm-none.win32_1.13.2.201705091103/tools/compiler/bin/../lib/gcc/arm-none-eabi/5.4.1/../../../../arm-none-eabi/lib/armv7-m\libc_nano.a(lib_a-init.o)
                              c:/ac6/systemworkbench/plugins/fr.ac6.mcu.externaltools.arm-none.win32_1.13.2.201705091103/tools/compiler/bin/../lib/gcc/arm-none-eabi/5.4.1/../../../../arm-none-eabi/lib/armv7-m/crt0.o (__libc_init_array)
c:/ac6/systemworkbench/plugins/fr.ac6.mcu.externaltools.arm-none.win32_1.13.2.201705091103/tools/compiler/bin/../lib/gcc/arm-none-eabi/5.4.1/../../../../arm-none-eabi/lib/armv7-m\libc_nano.a(lib_a-memset.o)
                              c:/ac6/systemworkbench/plugins/fr.ac6.mcu.externaltools.arm-none.win32_1.13.2.201705091103/tools/compiler/bin/../lib/gcc/arm-none-eabi/5.4.1/../../../../arm-none-eabi/lib/armv7-m/crt0.o (memset)
c:/ac6/systemworkbench/plugins/fr.ac6.mcu.externaltools.arm-none.win32_1.13.2.201705091103/tools/compiler/bin/../lib/gcc/arm-none-eabi/5.4.1/../../../../arm-none-eabi/lib/armv7-m\libnosys.a(_exit.o)
                              c:/ac6/systemworkbench/plugins/fr.ac6.mcu.externaltools.arm-none.win32_1.13.2.201705091103/tools/compiler/bin/../lib/gcc/arm-none-eabi/5.4.1/../../../../arm-none-eabi/lib/armv7-m\libc_nano.a(lib_a-exit.o) (_exit)

Allocating common symbols
Common symbol       size              file

pFlash              0x20              Drivers/STM32F1xx_HAL_Driver/Src/stm32f1xx_hal_flash.o
htim1               0x3c              Src/main.o
sConfig             0x1c              Src/main.o
TimHandle           0x3c              Src/main.o

Discarded input sections

 .text          0x00000000        0x0 c:/ac6/systemworkbench/plugins/fr.ac6.mcu.externaltools.arm-none.win32_1.13.2.201705091103/tools/compiler/bin/../lib/gcc/arm-none-eabi/5.4.1/armv7-m/crti.o
 .data          0x00000000        0x0 c:/ac6/systemworkbench/plugins/fr.ac6.mcu.externaltools.arm-none.win32_1.13.2.201705091103/tools/compiler/bin/../lib/gcc/arm-none-eabi/5.4.1/armv7-m/crti.o
 .bss           0x00000000        0x0 c:/ac6/systemworkbench/plugins/fr.ac6.mcu.externaltools.arm-none.win32_1.13.2.201705091103/tools/compiler/bin/../lib/gcc/arm-none-eabi/5.4.1/armv7-m/crti.o
 .data          0x00000000        0x4 c:/ac6/systemworkbench/plugins/fr.ac6.mcu.externaltools.arm-none.win32_1.13.2.201705091103/tools/compiler/bin/../lib/gcc/arm-none-eabi/5.4.1/armv7-m/crtbegin.o
 .text          0x00000000       0x74 c:/ac6/systemworkbench/plugins/fr.ac6.mcu.externaltools.arm-none.win32_1.13.2.201705091103/tools/compiler/bin/../lib/gcc/arm-none-eabi/5.4.1/../../../../arm-none-eabi/lib/armv7-m/crt0.o
 .data          0x00000000        0x0 c:/ac6/systemworkbench/plugins/fr.ac6.mcu.externaltools.arm-none.win32_1.13.2.201705091103/tools/compiler/bin/../lib/gcc/arm-none-eabi/5.4.1/../../../../arm-none-eabi/lib/armv7-m/crt0.o
 .bss           0x00000000        0x0 c:/ac6/systemworkbench/plugins/fr.ac6.mcu.externaltools.arm-none.win32_1.13.2.201705091103/tools/compiler/bin/../lib/gcc/arm-none-eabi/5.4.1/../../../../arm-none-eabi/lib/armv7-m/crt0.o
 .ARM.extab     0x00000000        0x0 c:/ac6/systemworkbench/plugins/fr.ac6.mcu.externaltools.arm-none.win32_1.13.2.201705091103/tools/compiler/bin/../lib/gcc/arm-none-eabi/5.4.1/../../../../arm-none-eabi/lib/armv7-m/crt0.o
 .ARM.exidx     0x00000000        0x8 c:/ac6/systemworkbench/plugins/fr.ac6.mcu.externaltools.arm-none.win32_1.13.2.201705091103/tools/compiler/bin/../lib/gcc/arm-none-eabi/5.4.1/../../../../arm-none-eabi/lib/armv7-m/crt0.o
 .ARM.attributes
                0x00000000       0x1b c:/ac6/systemworkbench/plugins/fr.ac6.mcu.externaltools.arm-none.win32_1.13.2.201705091103/tools/compiler/bin/../lib/gcc/arm-none-eabi/5.4.1/../../../../arm-none-eabi/lib/armv7-m/crt0.o
 .group         0x00000000        0x8 Drivers/STM32F1xx_HAL_Driver/Src/stm32f1xx_hal.o
 .group         0x00000000        0x8 Drivers/STM32F1xx_HAL_Driver/Src/stm32f1xx_hal.o
[...]
Memory Configuration

Name             Origin             Length             Attributes
RAM              0x20000000         0x00005000         xrw
FLASH            0x08000000         0x00010000         xr
*default*        0x00000000         0xffffffff

Linker script and memory map

LOAD c:/ac6/systemworkbench/plugins/fr.ac6.mcu.externaltools.arm-none.win32_1.13.2.201705091103/tools/compiler/bin/../lib/gcc/arm-none-eabi/5.4.1/armv7-m/crti.o
LOAD c:/ac6/systemworkbench/plugins/fr.ac6.mcu.externaltools.arm-none.win32_1.13.2.201705091103/tools/compiler/bin/../lib/gcc/arm-none-eabi/5.4.1/armv7-m/crtbegin.o
LOAD c:/ac6/systemworkbench/plugins/fr.ac6.mcu.externaltools.arm-none.win32_1.13.2.201705091103/tools/compiler/bin/../lib/gcc/arm-none-eabi/5.4.1/../../../../arm-none-eabi/lib/armv7-m/crt0.o
LOAD Drivers/STM32F1xx_HAL_Driver/Src/stm32f1xx_hal.o
LOAD Drivers/STM32F1xx_HAL_Driver/Src/stm32f1xx_hal_cortex.o
LOAD Drivers/STM32F1xx_HAL_Driver/Src/stm32f1xx_hal_dma.o
LOAD Drivers/STM32F1xx_HAL_Driver/Src/stm32f1xx_hal_flash.o
LOAD Drivers/STM32F1xx_HAL_Driver/Src/stm32f1xx_hal_flash_ex.o
LOAD Drivers/STM32F1xx_HAL_Driver/Src/stm32f1xx_hal_gpio.o
LOAD Drivers/STM32F1xx_HAL_Driver/Src/stm32f1xx_hal_gpio_ex.o
LOAD Drivers/STM32F1xx_HAL_Driver/Src/stm32f1xx_hal_pwr.o
LOAD Drivers/STM32F1xx_HAL_Driver/Src/stm32f1xx_hal_rcc.o
LOAD Drivers/STM32F1xx_HAL_Driver/Src/stm32f1xx_hal_rcc_ex.o
LOAD Drivers/STM32F1xx_HAL_Driver/Src/stm32f1xx_hal_tim.o
LOAD Drivers/STM32F1xx_HAL_Driver/Src/stm32f1xx_hal_tim_ex.o
LOAD Src/main.o
LOAD Src/stm32f1xx_hal_msp.o
LOAD Src/stm32f1xx_it.o
LOAD Src/system_stm32f1xx.o
LOAD startup/startup_stm32f103xb.o
LOAD c:/ac6/systemworkbench/plugins/fr.ac6.mcu.externaltools.arm-none.win32_1.13.2.201705091103/tools/compiler/bin/../lib/gcc/arm-none-eabi/5.4.1/../../../../arm-none-eabi/lib/armv7-m\libm.a
START GROUP
LOAD c:/ac6/systemworkbench/plugins/fr.ac6.mcu.externaltools.arm-none.win32_1.13.2.201705091103/tools/compiler/bin/../lib/gcc/arm-none-eabi/5.4.1/armv7-m\libgcc.a
LOAD c:/ac6/systemworkbench/plugins/fr.ac6.mcu.externaltools.arm-none.win32_1.13.2.201705091103/tools/compiler/bin/../lib/gcc/arm-none-eabi/5.4.1/../../../../arm-none-eabi/lib/armv7-m\libc_nano.a
END GROUP
START GROUP
LOAD c:/ac6/systemworkbench/plugins/fr.ac6.mcu.externaltools.arm-none.win32_1.13.2.201705091103/tools/compiler/bin/../lib/gcc/arm-none-eabi/5.4.1/armv7-m\libgcc.a
LOAD c:/ac6/systemworkbench/plugins/fr.ac6.mcu.externaltools.arm-none.win32_1.13.2.201705091103/tools/compiler/bin/../lib/gcc/arm-none-eabi/5.4.1/../../../../arm-none-eabi/lib/armv7-m\libc_nano.a
LOAD c:/ac6/systemworkbench/plugins/fr.ac6.mcu.externaltools.arm-none.win32_1.13.2.201705091103/tools/compiler/bin/../lib/gcc/arm-none-eabi/5.4.1/../../../../arm-none-eabi/lib/armv7-m\libnosys.a
END GROUP
START GROUP
LOAD c:/ac6/systemworkbench/plugins/fr.ac6.mcu.externaltools.arm-none.win32_1.13.2.201705091103/tools/compiler/bin/../lib/gcc/arm-none-eabi/5.4.1/armv7-m\libgcc.a
LOAD c:/ac6/systemworkbench/plugins/fr.ac6.mcu.externaltools.arm-none.win32_1.13.2.201705091103/tools/compiler/bin/../lib/gcc/arm-none-eabi/5.4.1/../../../../arm-none-eabi/lib/armv7-m\libc_nano.a
LOAD c:/ac6/systemworkbench/plugins/fr.ac6.mcu.externaltools.arm-none.win32_1.13.2.201705091103/tools/compiler/bin/../lib/gcc/arm-none-eabi/5.4.1/../../../../arm-none-eabi/lib/armv7-m\libnosys.a
END GROUP
LOAD c:/ac6/systemworkbench/plugins/fr.ac6.mcu.externaltools.arm-none.win32_1.13.2.201705091103/tools/compiler/bin/../lib/gcc/arm-none-eabi/5.4.1/armv7-m/crtend.o
LOAD c:/ac6/systemworkbench/plugins/fr.ac6.mcu.externaltools.arm-none.win32_1.13.2.201705091103/tools/compiler/bin/../lib/gcc/arm-none-eabi/5.4.1/armv7-m/crtn.o
                0x20005000                _estack = 0x20005000
                0x00000200                _Min_Heap_Size = 0x200
                0x00000400                _Min_Stack_Size = 0x400

.isr_vector     0x08000000      0x10c
                0x08000000                . = ALIGN (0x4)
 *(.isr_vector)
 .isr_vector    0x08000000      0x10c startup/startup_stm32f103xb.o
                0x08000000                g_pfnVectors
                0x0800010c                . = ALIGN (0x4)

.text           0x0800010c     0x1614
                0x0800010c                . = ALIGN (0x4)
 *(.text)
 .text          0x0800010c       0x5c c:/ac6/systemworkbench/plugins/fr.ac6.mcu.externaltools.arm-none.win32_1.13.2.201705091103/tools/compiler/bin/../lib/gcc/arm-none-eabi/5.4.1/armv7-m/crtbegin.o
 *(.text*)
 .text.HAL_InitTick
                0x08000168       0x28 Drivers/STM32F1xx_HAL_Driver/Src/stm32f1xx_hal.o
                0x08000168                HAL_InitTick
 .text.HAL_Init
                0x08000190       0x24 Drivers/STM32F1xx_HAL_Driver/Src/stm32f1xx_hal.o
                0x08000190                HAL_Init
 .text.HAL_IncTick
                0x080001b4       0x10 Drivers/STM32F1xx_HAL_Driver/Src/stm32f1xx_hal.o
                0x080001b4                HAL_IncTick
 .text.HAL_GetTick
                0x080001c4        0xc Drivers/STM32F1xx_HAL_Driver/Src/stm32f1xx_hal.o
                0x080001c4                HAL_GetTick
 .text.HAL_Delay
                0x080001d0       0x1c Drivers/STM32F1xx_HAL_Driver/Src/stm32f1xx_hal.o
                0x080001d0                HAL_Delay
 .text.HAL_NVIC_SetPriorityGrouping
                0x080001ec       0x24 Drivers/STM32F1xx_HAL_Driver/Src/stm32f1xx_hal_cortex.o
                0x080001ec                HAL_NVIC_SetPriorityGrouping
 .text.HAL_NVIC_SetPriority
                0x08000210       0x64 Drivers/STM32F1xx_HAL_Driver/Src/stm32f1xx_hal_cortex.o
                0x08000210                HAL_NVIC_SetPriority
 .text.HAL_SYSTICK_Config
                0x08000274       0x2c Drivers/STM32F1xx_HAL_Driver/Src/stm32f1xx_hal_cortex.o
                0x08000274                HAL_SYSTICK_Config
 .text.HAL_SYSTICK_CLKSourceConfig
                0x080002a0       0x20 Drivers/STM32F1xx_HAL_Driver/Src/stm32f1xx_hal_cortex.o
                0x080002a0                HAL_SYSTICK_CLKSourceConfig
 .text.HAL_SYSTICK_Callback
                0x080002c0        0x4 Drivers/STM32F1xx_HAL_Driver/Src/stm32f1xx_hal_cortex.o
                0x080002c0                HAL_SYSTICK_Callback
 .text.HAL_SYSTICK_IRQHandler
                0x080002c4        0x8 Drivers/STM32F1xx_HAL_Driver/Src/stm32f1xx_hal_cortex.o
                0x080002c4                HAL_SYSTICK_IRQHandler
 .text.HAL_GPIO_Init
                0x080002cc      0x1d8 Drivers/STM32F1xx_HAL_Driver/Src/stm32f1xx_hal_gpio.o
                0x080002cc                HAL_GPIO_Init
 .text.HAL_RCC_OscConfig
                0x080004a4      0x5ec Drivers/STM32F1xx_HAL_Driver/Src/stm32f1xx_hal_rcc.o
                0x080004a4                HAL_RCC_OscConfig
 .text.HAL_RCC_GetSysClockFreq
                0x08000a90       0x94 Drivers/STM32F1xx_HAL_Driver/Src/stm32f1xx_hal_rcc.o
                0x08000a90                HAL_RCC_GetSysClockFreq
 .text.HAL_RCC_ClockConfig
                0x08000b24      0x1e4 Drivers/STM32F1xx_HAL_Driver/Src/stm32f1xx_hal_rcc.o
                0x08000b24                HAL_RCC_ClockConfig
 .text.HAL_RCC_GetHCLKFreq
                0x08000d08        0xc Drivers/STM32F1xx_HAL_Driver/Src/stm32f1xx_hal_rcc.o
                0x08000d08                HAL_RCC_GetHCLKFreq
 .text.TIM_OC1_SetConfig
                0x08000d14       0x58 Drivers/STM32F1xx_HAL_Driver/Src/stm32f1xx_hal_tim.o
 .text.TIM_OC3_SetConfig
                0x08000d6c       0x60 Drivers/STM32F1xx_HAL_Driver/Src/stm32f1xx_hal_tim.o
 .text.TIM_OC4_SetConfig
                0x08000dcc       0x48 Drivers/STM32F1xx_HAL_Driver/Src/stm32f1xx_hal_tim.o
 .text.TIM_TI1_ConfigInputStage
                0x08000e14       0x24 Drivers/STM32F1xx_HAL_Driver/Src/stm32f1xx_hal_tim.o
 .text.TIM_TI2_ConfigInputStage
                0x08000e38       0x28 Drivers/STM32F1xx_HAL_Driver/Src/stm32f1xx_hal_tim.o
 .text.TIM_ITRx_SetConfig
                0x08000e60       0x10 Drivers/STM32F1xx_HAL_Driver/Src/stm32f1xx_hal_tim.o
 .text.TIM_ETR_SetConfig
                0x08000e70       0x18 Drivers/STM32F1xx_HAL_Driver/Src/stm32f1xx_hal_tim.o
 .text.HAL_TIM_PWM_MspInit
                0x08000e88        0x4 Drivers/STM32F1xx_HAL_Driver/Src/stm32f1xx_hal_tim.o
                0x08000e88                HAL_TIM_PWM_MspInit
 .text.HAL_TIM_ConfigClockSource
                0x08000e8c      0x114 Drivers/STM32F1xx_HAL_Driver/Src/stm32f1xx_hal_tim.o
                0x08000e8c                HAL_TIM_ConfigClockSource
 .text.TIM_Base_SetConfig
                0x08000fa0       0x68 Drivers/STM32F1xx_HAL_Driver/Src/stm32f1xx_hal_tim.o
                0x08000fa0                TIM_Base_SetConfig
 .text.HAL_TIM_Base_Init
                0x08001008       0x38 Drivers/STM32F1xx_HAL_Driver/Src/stm32f1xx_hal_tim.o
                0x08001008                HAL_TIM_Base_Init
 .text.HAL_TIM_PWM_Init
                0x08001040       0x38 Drivers/STM32F1xx_HAL_Driver/Src/stm32f1xx_hal_tim.o
                0x08001040                HAL_TIM_PWM_Init
 .text.TIM_OC2_SetConfig
                0x08001078       0x60 Drivers/STM32F1xx_HAL_Driver/Src/stm32f1xx_hal_tim.o
                0x08001078                TIM_OC2_SetConfig
 .text.HAL_TIM_PWM_ConfigChannel
                0x080010d8       0xdc Drivers/STM32F1xx_HAL_Driver/Src/stm32f1xx_hal_tim.o
                0x080010d8                HAL_TIM_PWM_ConfigChannel
 .text.TIM_CCxChannelCmd
                0x080011b4       0x1c Drivers/STM32F1xx_HAL_Driver/Src/stm32f1xx_hal_tim.o
                0x080011b4                TIM_CCxChannelCmd
 .text.HAL_TIM_PWM_Start
                0x080011d0       0x30 Drivers/STM32F1xx_HAL_Driver/Src/stm32f1xx_hal_tim.o
                0x080011d0                HAL_TIM_PWM_Start
 .text.HAL_TIMEx_ConfigBreakDeadTime
                0x08001200       0x4c Drivers/STM32F1xx_HAL_Driver/Src/stm32f1xx_hal_tim_ex.o
                0x08001200                HAL_TIMEx_ConfigBreakDeadTime
 .text.HAL_TIMEx_MasterConfigSynchronization
                0x0800124c       0x54 Drivers/STM32F1xx_HAL_Driver/Src/stm32f1xx_hal_tim_ex.o
                0x0800124c                HAL_TIMEx_MasterConfigSynchronization
 .text.MX_GPIO_Init
                0x080012a0       0x30 Src/main.o
 .text._Error_Handler
                0x080012d0        0x4 Src/main.o
                0x080012d0                _Error_Handler
 .text.MX_TIM1_Init
                0x080012d4      0x104 Src/main.o
 .text.SystemClock_Config
                0x080013d8       0x84 Src/main.o
                0x080013d8                SystemClock_Config
 .text.configureTimerFrequencyPWM
                0x0800145c       0x90 Src/main.o
                0x0800145c                configureTimerFrequencyPWM
 .text.main     0x080014ec       0x38 Src/main.o
                0x080014ec                main
 .text.HAL_MspInit
                0x08001524       0x7c Src/stm32f1xx_hal_msp.o
                0x08001524                HAL_MspInit
 .text.HAL_TIM_Base_MspInit
                0x080015a0       0x28 Src/stm32f1xx_hal_msp.o
                0x080015a0                HAL_TIM_Base_MspInit
 .text.HAL_TIM_MspPostInit
                0x080015c8       0x30 Src/stm32f1xx_hal_msp.o
                0x080015c8                HAL_TIM_MspPostInit
 .text.NMI_Handler
                0x080015f8        0x4 Src/stm32f1xx_it.o
                0x080015f8                NMI_Handler
 .text.HardFault_Handler
                0x080015fc        0x4 Src/stm32f1xx_it.o
                0x080015fc                HardFault_Handler
 .text.MemManage_Handler
                0x08001600        0x4 Src/stm32f1xx_it.o
                0x08001600                MemManage_Handler
 .text.BusFault_Handler
                0x08001604        0x4 Src/stm32f1xx_it.o
                0x08001604                BusFault_Handler
 .text.UsageFault_Handler
                0x08001608        0x4 Src/stm32f1xx_it.o
                0x08001608                UsageFault_Handler
 .text.SVC_Handler
                0x0800160c        0x4 Src/stm32f1xx_it.o
                0x0800160c                SVC_Handler
 .text.DebugMon_Handler
                0x08001610        0x4 Src/stm32f1xx_it.o
                0x08001610                DebugMon_Handler
 .text.PendSV_Handler
                0x08001614        0x4 Src/stm32f1xx_it.o
                0x08001614                PendSV_Handler
 .text.SysTick_Handler
                0x08001618        0xc Src/stm32f1xx_it.o
                0x08001618                SysTick_Handler
 .text.SystemInit
                0x08001624       0x4c Src/system_stm32f1xx.o
                0x08001624                SystemInit
 .text.Reset_Handler
                0x08001670       0x48 startup/startup_stm32f103xb.o
                0x08001670                Reset_Handler
 .text.Default_Handler
                0x080016b8        0x2 startup/startup_stm32f103xb.o
                0x080016b8                RTC_Alarm_IRQHandler
                0x080016b8                EXTI2_IRQHandler
                0x080016b8                TIM1_CC_IRQHandler
                0x080016b8                PVD_IRQHandler
                0x080016b8                EXTI3_IRQHandler
                0x080016b8                EXTI0_IRQHandler
                0x080016b8                I2C2_EV_IRQHandler
                0x080016b8                ADC1_2_IRQHandler
                0x080016b8                SPI1_IRQHandler
                0x080016b8                TAMPER_IRQHandler
                0x080016b8                DMA1_Channel4_IRQHandler
                0x080016b8                USART3_IRQHandler
                0x080016b8                RTC_IRQHandler
                0x080016b8                DMA1_Channel7_IRQHandler
                0x080016b8                CAN1_RX1_IRQHandler
                0x080016b8                TIM4_IRQHandler
                0x080016b8                I2C1_EV_IRQHandler
                0x080016b8                DMA1_Channel6_IRQHandler
                0x080016b8                TIM3_IRQHandler
                0x080016b8                RCC_IRQHandler
                0x080016b8                TIM1_TRG_COM_IRQHandler
                0x080016b8                DMA1_Channel1_IRQHandler
                0x080016b8                Default_Handler
                0x080016b8                EXTI15_10_IRQHandler
                0x080016b8                EXTI9_5_IRQHandler
                0x080016b8                SPI2_IRQHandler
                0x080016b8                DMA1_Channel5_IRQHandler
                0x080016b8                EXTI4_IRQHandler
                0x080016b8                USB_LP_CAN1_RX0_IRQHandler
                0x080016b8                USB_HP_CAN1_TX_IRQHandler
                0x080016b8                DMA1_Channel3_IRQHandler
                0x080016b8                TIM1_UP_IRQHandler
                0x080016b8                WWDG_IRQHandler
                0x080016b8                TIM2_IRQHandler
                0x080016b8                TIM1_BRK_IRQHandler
                0x080016b8                EXTI1_IRQHandler
                0x080016b8                USART2_IRQHandler
                0x080016b8                I2C2_ER_IRQHandler
                0x080016b8                DMA1_Channel2_IRQHandler
                0x080016b8                CAN1_SCE_IRQHandler
                0x080016b8                FLASH_IRQHandler
                0x080016b8                USART1_IRQHandler
                0x080016b8                I2C1_ER_IRQHandler
                0x080016b8                USBWakeUp_IRQHandler
 *fill*         0x080016ba        0x2 
 .text.__libc_init_array
                0x080016bc       0x4c c:/ac6/systemworkbench/plugins/fr.ac6.mcu.externaltools.arm-none.win32_1.13.2.201705091103/tools/compiler/bin/../lib/gcc/arm-none-eabi/5.4.1/../../../../arm-none-eabi/lib/armv7-m\libc_nano.a(lib_a-init.o)
                0x080016bc                __libc_init_array
 *(.glue_7)
 .glue_7        0x08001708        0x0 linker stubs
 *(.glue_7t)
 .glue_7t       0x08001708        0x0 linker stubs
 *(.eh_frame)
 .eh_frame      0x08001708        0x0 c:/ac6/systemworkbench/plugins/fr.ac6.mcu.externaltools.arm-none.win32_1.13.2.201705091103/tools/compiler/bin/../lib/gcc/arm-none-eabi/5.4.1/armv7-m/crtbegin.o
 *(.init)
 .init          0x08001708        0x4 c:/ac6/systemworkbench/plugins/fr.ac6.mcu.externaltools.arm-none.win32_1.13.2.201705091103/tools/compiler/bin/../lib/gcc/arm-none-eabi/5.4.1/armv7-m/crti.o
                0x08001708                _init
 .init          0x0800170c        0x8 c:/ac6/systemworkbench/plugins/fr.ac6.mcu.externaltools.arm-none.win32_1.13.2.201705091103/tools/compiler/bin/../lib/gcc/arm-none-eabi/5.4.1/armv7-m/crtn.o
 *(.fini)
 .fini          0x08001714        0x4 c:/ac6/systemworkbench/plugins/fr.ac6.mcu.externaltools.arm-none.win32_1.13.2.201705091103/tools/compiler/bin/../lib/gcc/arm-none-eabi/5.4.1/armv7-m/crti.o
                0x08001714                _fini
 .fini          0x08001718        0x8 c:/ac6/systemworkbench/plugins/fr.ac6.mcu.externaltools.arm-none.win32_1.13.2.201705091103/tools/compiler/bin/../lib/gcc/arm-none-eabi/5.4.1/armv7-m/crtn.o
                0x08001720                . = ALIGN (0x4)
                0x08001720                _etext = .

.vfp11_veneer   0x08001720        0x0
 .vfp11_veneer  0x08001720        0x0 linker stubs

.v4_bx          0x08001720        0x0
 .v4_bx         0x08001720        0x0 linker stubs

.iplt           0x08001720        0x0
 .iplt          0x08001720        0x0 c:/ac6/systemworkbench/plugins/fr.ac6.mcu.externaltools.arm-none.win32_1.13.2.201705091103/tools/compiler/bin/../lib/gcc/arm-none-eabi/5.4.1/armv7-m/crtbegin.o

.rodata         0x08001720       0x3c
                0x08001720                . = ALIGN (0x4)
 *(.rodata)
 .rodata        0x08001720       0x12 Drivers/STM32F1xx_HAL_Driver/Src/stm32f1xx_hal_rcc.o
 *fill*         0x08001732        0x2 
 .rodata        0x08001734       0x18 Src/system_stm32f1xx.o
                0x08001734                AHBPrescTable
                0x08001744                APBPrescTable
 *(.rodata*)
 .rodata.str1.4
                0x0800174c       0x10 Src/main.o
                                  0xe (size before relaxing)
                0x0800175c                . = ALIGN (0x4)

.rel.dyn        0x0800175c        0x0
 .rel.iplt      0x0800175c        0x0 c:/ac6/systemworkbench/plugins/fr.ac6.mcu.externaltools.arm-none.win32_1.13.2.201705091103/tools/compiler/bin/../lib/gcc/arm-none-eabi/5.4.1/armv7-m/crtbegin.o

.ARM.extab
 *(.ARM.extab* .gnu.linkonce.armextab.*)

.ARM            0x0800175c        0x0
                0x0800175c                __exidx_start = .
 *(.ARM.exidx*)
                0x0800175c                __exidx_end = .

.preinit_array  0x0800175c        0x0
                0x0800175c                PROVIDE (__preinit_array_start, .)
 *(.preinit_array*)
                0x0800175c                PROVIDE (__preinit_array_end, .)

.init_array     0x0800175c        0x4
                0x0800175c                PROVIDE (__init_array_start, .)
 *(SORT(.init_array.*))
 *(.init_array*)
 .init_array    0x0800175c        0x4 c:/ac6/systemworkbench/plugins/fr.ac6.mcu.externaltools.arm-none.win32_1.13.2.201705091103/tools/compiler/bin/../lib/gcc/arm-none-eabi/5.4.1/armv7-m/crtbegin.o
                0x08001760                PROVIDE (__init_array_end, .)

.fini_array     0x08001760        0x4
                [!provide]                PROVIDE (__fini_array_start, .)
 *(SORT(.fini_array.*))
 *(.fini_array*)
 .fini_array    0x08001760        0x4 c:/ac6/systemworkbench/plugins/fr.ac6.mcu.externaltools.arm-none.win32_1.13.2.201705091103/tools/compiler/bin/../lib/gcc/arm-none-eabi/5.4.1/armv7-m/crtbegin.o
                [!provide]                PROVIDE (__fini_array_end, .)
                0x08001764                _sidata = LOADADDR (.data)

.data           0x20000000        0x4 load address 0x08001764
                0x20000000                . = ALIGN (0x4)
                0x20000000                _sdata = .
 *(.data)
 .data          0x20000000        0x4 Src/system_stm32f1xx.o
                0x20000000                SystemCoreClock
 *(.data*)
                0x20000004                . = ALIGN (0x4)
                0x20000004                _edata = .

.jcr            0x20000004        0x0 load address 0x08001768
 .jcr           0x20000004        0x0 c:/ac6/systemworkbench/plugins/fr.ac6.mcu.externaltools.arm-none.win32_1.13.2.201705091103/tools/compiler/bin/../lib/gcc/arm-none-eabi/5.4.1/armv7-m/crtbegin.o

.igot.plt       0x20000004        0x0 load address 0x08001768
 .igot.plt      0x20000004        0x0 c:/ac6/systemworkbench/plugins/fr.ac6.mcu.externaltools.arm-none.win32_1.13.2.201705091103/tools/compiler/bin/../lib/gcc/arm-none-eabi/5.4.1/armv7-m/crtbegin.o
                0x20000004                . = ALIGN (0x4)

.bss            0x20000004       0xb4 load address 0x08001768
                0x20000004                _sbss = .
                0x20000004                __bss_start__ = _sbss
 *(.bss)
 .bss           0x20000004       0x1c c:/ac6/systemworkbench/plugins/fr.ac6.mcu.externaltools.arm-none.win32_1.13.2.201705091103/tools/compiler/bin/../lib/gcc/arm-none-eabi/5.4.1/armv7-m/crtbegin.o
 .bss           0x20000020        0x4 Drivers/STM32F1xx_HAL_Driver/Src/stm32f1xx_hal.o
 *(.bss*)
 *(COMMON)
 COMMON         0x20000024       0x94 Src/main.o
                0x20000024                htim1
                0x20000060                sConfig
                0x2000007c                TimHandle
                0x200000b8                . = ALIGN (0x4)
                0x200000b8                _ebss = .
                0x200000b8                __bss_end__ = _ebss

._user_heap_stack
                0x200000b8      0x600 load address 0x08001768
                0x200000b8                . = ALIGN (0x8)
                [!provide]                PROVIDE (end, .)
                [!provide]                PROVIDE (_end, .)
                0x200002b8                . = (. + _Min_Heap_Size)
 *fill*         0x200000b8      0x200 
                0x200006b8                . = (. + _Min_Stack_Size)
 *fill*         0x200002b8      0x400 
                0x200006b8                . = ALIGN (0x8)

/DISCARD/
 libc.a(*)
 libm.a(*)
 libgcc.a(*)

.ARM.attributes
                0x00000000       0x29
 *(.ARM.attributes)
 .ARM.attributes
                0x00000000       0x1d c:/ac6/systemworkbench/plugins/fr.ac6.mcu.externaltools.arm-none.win32_1.13.2.201705091103/tools/compiler/bin/../lib/gcc/arm-none-eabi/5.4.1/armv7-m/crti.o
 .ARM.attributes
                0x0000001d       0x2d c:/ac6/systemworkbench/plugins/fr.ac6.mcu.externaltools.arm-none.win32_1.13.2.201705091103/tools/compiler/bin/../lib/gcc/arm-none-eabi/5.4.1/armv7-m/crtbegin.o
 .ARM.attributes
                0x0000004a       0x33 Drivers/STM32F1xx_HAL_Driver/Src/stm32f1xx_hal.o
 .ARM.attributes
                0x0000007d       0x33 Drivers/STM32F1xx_HAL_Driver/Src/stm32f1xx_hal_cortex.o
 .ARM.attributes
                0x000000b0       0x33 Drivers/STM32F1xx_HAL_Driver/Src/stm32f1xx_hal_gpio.o
 .ARM.attributes
                0x000000e3       0x33 Drivers/STM32F1xx_HAL_Driver/Src/stm32f1xx_hal_rcc.o
 .ARM.attributes
                0x00000116       0x33 Drivers/STM32F1xx_HAL_Driver/Src/stm32f1xx_hal_tim.o
 .ARM.attributes
                0x00000149       0x33 Drivers/STM32F1xx_HAL_Driver/Src/stm32f1xx_hal_tim_ex.o
 .ARM.attributes
                0x0000017c       0x33 Src/main.o
 .ARM.attributes
                0x000001af       0x33 Src/stm32f1xx_hal_msp.o
 .ARM.attributes
                0x000001e2       0x33 Src/stm32f1xx_it.o
 .ARM.attributes
                0x00000215       0x33 Src/system_stm32f1xx.o
 .ARM.attributes
                0x00000248       0x21 startup/startup_stm32f103xb.o
 .ARM.attributes
                0x00000269       0x2d c:/ac6/systemworkbench/plugins/fr.ac6.mcu.externaltools.arm-none.win32_1.13.2.201705091103/tools/compiler/bin/../lib/gcc/arm-none-eabi/5.4.1/../../../../arm-none-eabi/lib/armv7-m\libc_nano.a(lib_a-init.o)
 .ARM.attributes
                0x00000296       0x1d c:/ac6/systemworkbench/plugins/fr.ac6.mcu.externaltools.arm-none.win32_1.13.2.201705091103/tools/compiler/bin/../lib/gcc/arm-none-eabi/5.4.1/armv7-m/crtn.o
OUTPUT(PWM_output_try.elf elf32-littlearm)

.debug_info     0x00000000     0x8a53
 .debug_info    0x00000000      0x699 Drivers/STM32F1xx_HAL_Driver/Src/stm32f1xx_hal.o
 .debug_info    0x00000699      0xc33 Drivers/STM32F1xx_HAL_Driver/Src/stm32f1xx_hal_cortex.o
 .debug_info    0x000012cc      0x608 Drivers/STM32F1xx_HAL_Driver/Src/stm32f1xx_hal_gpio.o
 .debug_info    0x000018d4     0x12ab Drivers/STM32F1xx_HAL_Driver/Src/stm32f1xx_hal_rcc.o
 .debug_info    0x00002b7f     0x2d8a Drivers/STM32F1xx_HAL_Driver/Src/stm32f1xx_hal_tim.o
 .debug_info    0x00005909     0x11e6 Drivers/STM32F1xx_HAL_Driver/Src/stm32f1xx_hal_tim_ex.o
 .debug_info    0x00006aef     0x1003 Src/main.o
 .debug_info    0x00007af2      0x974 Src/stm32f1xx_hal_msp.o
 .debug_info    0x00008466      0x174 Src/stm32f1xx_it.o
 .debug_info    0x000085da      0x3eb Src/system_stm32f1xx.o
 .debug_info    0x000089c5       0x8e startup/startup_stm32f103xb.o

.debug_abbrev   0x00000000     0x13a6
 .debug_abbrev  0x00000000      0x21f Drivers/STM32F1xx_HAL_Driver/Src/stm32f1xx_hal.o
 .debug_abbrev  0x0000021f      0x2bd Drivers/STM32F1xx_HAL_Driver/Src/stm32f1xx_hal_cortex.o
 .debug_abbrev  0x000004dc      0x1cd Drivers/STM32F1xx_HAL_Driver/Src/stm32f1xx_hal_gpio.o
 .debug_abbrev  0x000006a9      0x287 Drivers/STM32F1xx_HAL_Driver/Src/stm32f1xx_hal_rcc.o
 .debug_abbrev  0x00000930      0x22a Drivers/STM32F1xx_HAL_Driver/Src/stm32f1xx_hal_tim.o
 .debug_abbrev  0x00000b5a      0x21b Drivers/STM32F1xx_HAL_Driver/Src/stm32f1xx_hal_tim_ex.o
 .debug_abbrev  0x00000d75      0x289 Src/main.o
 .debug_abbrev  0x00000ffe      0x1b6 Src/stm32f1xx_hal_msp.o
 .debug_abbrev  0x000011b4       0xbb Src/stm32f1xx_it.o
 .debug_abbrev  0x0000126f      0x125 Src/system_stm32f1xx.o
 .debug_abbrev  0x00001394       0x12 startup/startup_stm32f103xb.o

.debug_loc      0x00000000     0x5273
 .debug_loc     0x00000000       0x81 Drivers/STM32F1xx_HAL_Driver/Src/stm32f1xx_hal.o
 .debug_loc     0x00000081      0x527 Drivers/STM32F1xx_HAL_Driver/Src/stm32f1xx_hal_cortex.o
 .debug_loc     0x000005a8      0x377 Drivers/STM32F1xx_HAL_Driver/Src/stm32f1xx_hal_gpio.o
 .debug_loc     0x0000091f      0x8e9 Drivers/STM32F1xx_HAL_Driver/Src/stm32f1xx_hal_rcc.o
 .debug_loc     0x00001208     0x32a5 Drivers/STM32F1xx_HAL_Driver/Src/stm32f1xx_hal_tim.o
 .debug_loc     0x000044ad      0xbdb Drivers/STM32F1xx_HAL_Driver/Src/stm32f1xx_hal_tim_ex.o
 .debug_loc     0x00005088       0xe0 Src/main.o
 .debug_loc     0x00005168       0x2c Src/stm32f1xx_hal_msp.o
 .debug_loc     0x00005194       0xdf Src/system_stm32f1xx.o

.debug_aranges  0x00000000      0x7f0
 .debug_aranges
                0x00000000       0xb0 Drivers/STM32F1xx_HAL_Driver/Src/stm32f1xx_hal.o
 .debug_aranges
                0x000000b0       0x90 Drivers/STM32F1xx_HAL_Driver/Src/stm32f1xx_hal_cortex.o
 .debug_aranges
                0x00000140       0x58 Drivers/STM32F1xx_HAL_Driver/Src/stm32f1xx_hal_gpio.o
 .debug_aranges
                0x00000198       0x88 Drivers/STM32F1xx_HAL_Driver/Src/stm32f1xx_hal_rcc.o
 .debug_aranges
                0x00000220      0x368 Drivers/STM32F1xx_HAL_Driver/Src/stm32f1xx_hal_tim.o
 .debug_aranges
                0x00000588      0x138 Drivers/STM32F1xx_HAL_Driver/Src/stm32f1xx_hal_tim_ex.o
 .debug_aranges
                0x000006c0       0x48 Src/main.o
 .debug_aranges
                0x00000708       0x38 Src/stm32f1xx_hal_msp.o
 .debug_aranges
                0x00000740       0x60 Src/stm32f1xx_it.o
 .debug_aranges
                0x000007a0       0x28 Src/system_stm32f1xx.o
 .debug_aranges
                0x000007c8       0x28 startup/startup_stm32f103xb.o

.debug_ranges   0x00000000      0x748
 .debug_ranges  0x00000000       0xa0 Drivers/STM32F1xx_HAL_Driver/Src/stm32f1xx_hal.o
 .debug_ranges  0x000000a0       0x80 Drivers/STM32F1xx_HAL_Driver/Src/stm32f1xx_hal_cortex.o
 .debug_ranges  0x00000120       0x48 Drivers/STM32F1xx_HAL_Driver/Src/stm32f1xx_hal_gpio.o
 .debug_ranges  0x00000168       0x78 Drivers/STM32F1xx_HAL_Driver/Src/stm32f1xx_hal_rcc.o
 .debug_ranges  0x000001e0      0x358 Drivers/STM32F1xx_HAL_Driver/Src/stm32f1xx_hal_tim.o
 .debug_ranges  0x00000538      0x128 Drivers/STM32F1xx_HAL_Driver/Src/stm32f1xx_hal_tim_ex.o
 .debug_ranges  0x00000660       0x38 Src/main.o
 .debug_ranges  0x00000698       0x28 Src/stm32f1xx_hal_msp.o
 .debug_ranges  0x000006c0       0x50 Src/stm32f1xx_it.o
 .debug_ranges  0x00000710       0x18 Src/system_stm32f1xx.o
 .debug_ranges  0x00000728       0x20 startup/startup_stm32f103xb.o

.debug_macro    0x00000000    0x18660
 .debug_macro   0x00000000      0x2f4 Drivers/STM32F1xx_HAL_Driver/Src/stm32f1xx_hal.o
 .debug_macro   0x000002f4      0x880 Drivers/STM32F1xx_HAL_Driver/Src/stm32f1xx_hal.o
 .debug_macro   0x00000b74       0x10 Drivers/STM32F1xx_HAL_Driver/Src/stm32f1xx_hal.o
 .debug_macro   0x00000b84      0x15b Drivers/STM32F1xx_HAL_Driver/Src/stm32f1xx_hal.o
 .debug_macro   0x00000cdf       0x2e Drivers/STM32F1xx_HAL_Driver/Src/stm32f1xx_hal.o
 .debug_macro   0x00000d0d       0x22 Drivers/STM32F1xx_HAL_Driver/Src/stm32f1xx_hal.o
 .debug_macro   0x00000d2f       0x22 Drivers/STM32F1xx_HAL_Driver/Src/stm32f1xx_hal.o
 .debug_macro   0x00000d51       0x87 Drivers/STM32F1xx_HAL_Driver/Src/stm32f1xx_hal.o
 .debug_macro   0x00000dd8       0x44 Drivers/STM32F1xx_HAL_Driver/Src/stm32f1xx_hal.o
 .debug_macro   0x00000e1c       0xfd Drivers/STM32F1xx_HAL_Driver/Src/stm32f1xx_hal.o
 .debug_macro   0x00000f19       0x5e Drivers/STM32F1xx_HAL_Driver/Src/stm32f1xx_hal.o
 .debug_macro   0x00000f77      0x1df Drivers/STM32F1xx_HAL_Driver/Src/stm32f1xx_hal.o
 .debug_macro   0x00001156       0x34 Drivers/STM32F1xx_HAL_Driver/Src/stm32f1xx_hal.o
 .debug_macro   0x0000118a       0x34 Drivers/STM32F1xx_HAL_Driver/Src/stm32f1xx_hal.o
 .debug_macro   0x000011be      0xb8e Drivers/STM32F1xx_HAL_Driver/Src/stm32f1xx_hal.o
 .debug_macro   0x00001d4c     0xf2f7 Drivers/STM32F1xx_HAL_Driver/Src/stm32f1xx_hal.o
 .debug_macro   0x00011043       0x43 Drivers/STM32F1xx_HAL_Driver/Src/stm32f1xx_hal.o
 .debug_macro   0x00011086     0x3383 Drivers/STM32F1xx_HAL_Driver/Src/stm32f1xx_hal.o
 .debug_macro   0x00014409       0x52 Drivers/STM32F1xx_HAL_Driver/Src/stm32f1xx_hal.o
 .debug_macro   0x0001445b       0x35 Drivers/STM32F1xx_HAL_Driver/Src/stm32f1xx_hal.o
 .debug_macro   0x00014490       0x9c Drivers/STM32F1xx_HAL_Driver/Src/stm32f1xx_hal.o
 .debug_macro   0x0001452c       0x16 Drivers/STM32F1xx_HAL_Driver/Src/stm32f1xx_hal.o
 .debug_macro   0x00014542       0x97 Drivers/STM32F1xx_HAL_Driver/Src/stm32f1xx_hal.o
 .debug_macro   0x000145d9      0x30d Drivers/STM32F1xx_HAL_Driver/Src/stm32f1xx_hal.o
 .debug_macro   0x000148e6       0xfd Drivers/STM32F1xx_HAL_Driver/Src/stm32f1xx_hal.o
 .debug_macro   0x000149e3       0x10 Drivers/STM32F1xx_HAL_Driver/Src/stm32f1xx_hal.o
 .debug_macro   0x000149f3       0x52 Drivers/STM32F1xx_HAL_Driver/Src/stm32f1xx_hal.o
 .debug_macro   0x00014a45       0x1f Drivers/STM32F1xx_HAL_Driver/Src/stm32f1xx_hal.o
 .debug_macro   0x00014a64       0x43 Drivers/STM32F1xx_HAL_Driver/Src/stm32f1xx_hal.o
 .debug_macro   0x00014aa7       0x20 Drivers/STM32F1xx_HAL_Driver/Src/stm32f1xx_hal.o
 .debug_macro   0x00014ac7      0x187 Drivers/STM32F1xx_HAL_Driver/Src/stm32f1xx_hal.o
 .debug_macro   0x00014c4e       0x10 Drivers/STM32F1xx_HAL_Driver/Src/stm32f1xx_hal.o
 .debug_macro   0x00014c5e       0x1c Drivers/STM32F1xx_HAL_Driver/Src/stm32f1xx_hal.o
 .debug_macro   0x00014c7a       0x52 Drivers/STM32F1xx_HAL_Driver/Src/stm32f1xx_hal.o
 .debug_macro   0x00014ccc       0x40 Drivers/STM32F1xx_HAL_Driver/Src/stm32f1xx_hal.o
 .debug_macro   0x00014d0c       0x10 Drivers/STM32F1xx_HAL_Driver/Src/stm32f1xx_hal.o
 .debug_macro   0x00014d1c       0x40 Drivers/STM32F1xx_HAL_Driver/Src/stm32f1xx_hal.o
 .debug_macro   0x00014d5c       0xd7 Drivers/STM32F1xx_HAL_Driver/Src/stm32f1xx_hal.o
 .debug_macro   0x00014e33       0x16 Drivers/STM32F1xx_HAL_Driver/Src/stm32f1xx_hal.o
 .debug_macro   0x00014e49      0x18b Drivers/STM32F1xx_HAL_Driver/Src/stm32f1xx_hal.o
 .debug_macro   0x00014fd4       0x50 Drivers/STM32F1xx_HAL_Driver/Src/stm32f1xx_hal.o
 .debug_macro   0x00015024      0x778 Drivers/STM32F1xx_HAL_Driver/Src/stm32f1xx_hal.o
 .debug_macro   0x0001579c      0x28b Drivers/STM32F1xx_HAL_Driver/Src/stm32f1xx_hal.o
 .debug_macro   0x00015a27      0x141 Drivers/STM32F1xx_HAL_Driver/Src/stm32f1xx_hal.o
 .debug_macro   0x00015b68      0x197 Drivers/STM32F1xx_HAL_Driver/Src/stm32f1xx_hal.o
 .debug_macro   0x00015cff      0x1ae Drivers/STM32F1xx_HAL_Driver/Src/stm32f1xx_hal.o
 .debug_macro   0x00015ead       0x2d Drivers/STM32F1xx_HAL_Driver/Src/stm32f1xx_hal.o
 .debug_macro   0x00015eda       0x3c Drivers/STM32F1xx_HAL_Driver/Src/stm32f1xx_hal.o
 .debug_macro   0x00015f16       0x57 Drivers/STM32F1xx_HAL_Driver/Src/stm32f1xx_hal.o
 .debug_macro   0x00015f6d       0x8c Drivers/STM32F1xx_HAL_Driver/Src/stm32f1xx_hal.o
 .debug_macro   0x00015ff9      0x242 Drivers/STM32F1xx_HAL_Driver/Src/stm32f1xx_hal.o
 .debug_macro   0x0001623b      0x143 Drivers/STM32F1xx_HAL_Driver/Src/stm32f1xx_hal.o
 .debug_macro   0x0001637e      0x83e Drivers/STM32F1xx_HAL_Driver/Src/stm32f1xx_hal.o
 .debug_macro   0x00016bbc       0x11 Drivers/STM32F1xx_HAL_Driver/Src/stm32f1xx_hal.o
 .debug_macro   0x00016bcd       0x7c Drivers/STM32F1xx_HAL_Driver/Src/stm32f1xx_hal.o
 .debug_macro   0x00016c49      0x2d0 Drivers/STM32F1xx_HAL_Driver/Src/stm32f1xx_hal_cortex.o
 .debug_macro   0x00016f19      0x340 Drivers/STM32F1xx_HAL_Driver/Src/stm32f1xx_hal_gpio.o
 .debug_macro   0x00017259      0x2f4 Drivers/STM32F1xx_HAL_Driver/Src/stm32f1xx_hal_rcc.o
 .debug_macro   0x0001754d      0x2d1 Drivers/STM32F1xx_HAL_Driver/Src/stm32f1xx_hal_tim.o
 .debug_macro   0x0001781e      0x2d0 Drivers/STM32F1xx_HAL_Driver/Src/stm32f1xx_hal_tim_ex.o
 .debug_macro   0x00017aee      0x2f2 Src/main.o
 .debug_macro   0x00017de0      0x2d0 Src/stm32f1xx_hal_msp.o
 .debug_macro   0x000180b0      0x2da Src/stm32f1xx_it.o
 .debug_macro   0x0001838a      0x2d6 Src/system_stm32f1xx.o

.debug_line     0x00000000     0x6d10
 .debug_line    0x00000000      0x923 Drivers/STM32F1xx_HAL_Driver/Src/stm32f1xx_hal.o
 .debug_line    0x00000923      0x95f Drivers/STM32F1xx_HAL_Driver/Src/stm32f1xx_hal_cortex.o
 .debug_line    0x00001282      0x949 Drivers/STM32F1xx_HAL_Driver/Src/stm32f1xx_hal_gpio.o
 .debug_line    0x00001bcb      0xc96 Drivers/STM32F1xx_HAL_Driver/Src/stm32f1xx_hal_rcc.o
 .debug_line    0x00002861     0x164f Drivers/STM32F1xx_HAL_Driver/Src/stm32f1xx_hal_tim.o
 .debug_line    0x00003eb0      0xd62 Drivers/STM32F1xx_HAL_Driver/Src/stm32f1xx_hal_tim_ex.o
 .debug_line    0x00004c12      0x857 Src/main.o
 .debug_line    0x00005469      0x7fe Src/stm32f1xx_hal_msp.o
 .debug_line    0x00005c67      0x845 Src/stm32f1xx_it.o
 .debug_line    0x000064ac      0x7e7 Src/system_stm32f1xx.o
 .debug_line    0x00006c93       0x7d startup/startup_stm32f103xb.o

.debug_str      0x00000000    0x8a911
 .debug_str     0x00000000    0x885de Drivers/STM32F1xx_HAL_Driver/Src/stm32f1xx_hal.o
                              0x88a6a (size before relaxing)
 .debug_str     0x000885de      0x2cf Drivers/STM32F1xx_HAL_Driver/Src/stm32f1xx_hal_cortex.o
                              0x88a68 (size before relaxing)
 .debug_str     0x000888ad      0x460 Drivers/STM32F1xx_HAL_Driver/Src/stm32f1xx_hal_gpio.o
                              0x8884d (size before relaxing)
 .debug_str     0x00088d0d      0x3e2 Drivers/STM32F1xx_HAL_Driver/Src/stm32f1xx_hal_rcc.o
                              0x888b8 (size before relaxing)
 .debug_str     0x000890ef     0x1044 Drivers/STM32F1xx_HAL_Driver/Src/stm32f1xx_hal_tim.o
                              0x894ce (size before relaxing)
 .debug_str     0x0008a133      0x4d0 Drivers/STM32F1xx_HAL_Driver/Src/stm32f1xx_hal_tim_ex.o
                              0x88d68 (size before relaxing)
 .debug_str     0x0008a603      0x1c0 Src/main.o
                              0x88fe7 (size before relaxing)
 .debug_str     0x0008a7c3       0x35 Src/stm32f1xx_hal_msp.o
                              0x88af2 (size before relaxing)
 .debug_str     0x0008a7f8       0xb8 Src/stm32f1xx_it.o
                              0x88403 (size before relaxing)
 .debug_str     0x0008a8b0       0x61 Src/system_stm32f1xx.o
                              0x8847e (size before relaxing)

.comment        0x00000000       0x6e
 .comment       0x00000000       0x6e Drivers/STM32F1xx_HAL_Driver/Src/stm32f1xx_hal.o
                                 0x6f (size before relaxing)
 .comment       0x0000006e       0x6f Drivers/STM32F1xx_HAL_Driver/Src/stm32f1xx_hal_cortex.o
 .comment       0x0000006e       0x6f Drivers/STM32F1xx_HAL_Driver/Src/stm32f1xx_hal_gpio.o
 .comment       0x0000006e       0x6f Drivers/STM32F1xx_HAL_Driver/Src/stm32f1xx_hal_rcc.o
 .comment       0x0000006e       0x6f Drivers/STM32F1xx_HAL_Driver/Src/stm32f1xx_hal_tim.o
 .comment       0x0000006e       0x6f Drivers/STM32F1xx_HAL_Driver/Src/stm32f1xx_hal_tim_ex.o
 .comment       0x0000006e       0x6f Src/main.o
 .comment       0x0000006e       0x6f Src/stm32f1xx_hal_msp.o
 .comment       0x0000006e       0x6f Src/stm32f1xx_it.o
 .comment       0x0000006e       0x6f Src/system_stm32f1xx.o

.debug_frame    0x00000000     0x144c
 .debug_frame   0x00000000      0x168 Drivers/STM32F1xx_HAL_Driver/Src/stm32f1xx_hal.o
 .debug_frame   0x00000168      0x124 Drivers/STM32F1xx_HAL_Driver/Src/stm32f1xx_hal_cortex.o
 .debug_frame   0x0000028c       0xc4 Drivers/STM32F1xx_HAL_Driver/Src/stm32f1xx_hal_gpio.o
 .debug_frame   0x00000350      0x158 Drivers/STM32F1xx_HAL_Driver/Src/stm32f1xx_hal_rcc.o
 .debug_frame   0x000004a8      0x9cc Drivers/STM32F1xx_HAL_Driver/Src/stm32f1xx_hal_tim.o
 .debug_frame   0x00000e74      0x3b8 Drivers/STM32F1xx_HAL_Driver/Src/stm32f1xx_hal_tim_ex.o
 .debug_frame   0x0000122c       0xa8 Src/main.o
 .debug_frame   0x000012d4       0x74 Src/stm32f1xx_hal_msp.o
 .debug_frame   0x00001348       0xa8 Src/stm32f1xx_it.o
 .debug_frame   0x000013f0       0x30 Src/system_stm32f1xx.o
 .debug_frame   0x00001420       0x2c c:/ac6/systemworkbench/plugins/fr.ac6.mcu.externaltools.arm-none.win32_1.13.2.201705091103/tools/compiler/bin/../lib/gcc/arm-none-eabi/5.4.1/../../../../arm-none-eabi/lib/armv7-m\libc_nano.a(lib_a-init.o)
